#-----------------------------------------------------------
# Vivado v2021.1 (64-bit)
# SW Build 3247384 on Thu Jun 10 19:36:33 MDT 2021
# IP Build 3246043 on Fri Jun 11 00:30:35 MDT 2021
# Start of session at: Mon Nov  1 08:13:02 2021
# Process ID: 36052
# Current directory: C:/Users/polit/Downloads/06_demo_all_2021
# Command line: vivado.exe -gui_launcher_event rodinguilauncherevent15752 C:\Users\polit\Downloads\06_demo_all_2021\06_demo_all.xpr
# Log file: C:/Users/polit/Downloads/06_demo_all_2021/vivado.log
# Journal file: C:/Users/polit/Downloads/06_demo_all_2021\vivado.jou
#-----------------------------------------------------------
start_gui
open_project C:/Users/polit/Downloads/06_demo_all_2021/06_demo_all.xpr
update_compile_order -fileset sources_1
reset_run synth_1
reset_run mem_oled_char_lib_synth_1
launch_runs impl_1 -to_step write_bitstream -jobs 8
wait_on_run impl_1
reset_run synth_1
launch_runs impl_1 -to_step write_bitstream -jobs 8
wait_on_run impl_1
open_run impl_1
launch_simulation
source fir_test.tcl
run 1 us
run 1 us
reset_run synth_1
launch_runs impl_1 -to_step write_bitstream -jobs 8
wait_on_run impl_1
report_timing_summary -delay_type min_max -report_unconstrained -check_timing_verbose -max_paths 10 -input_pins -routable_nets -name timing_1
