#-----------------------------------------------------------
# Vivado v2021.1 (64-bit)
# SW Build 3247384 on Thu Jun 10 19:36:33 MDT 2021
# IP Build 3246043 on Fri Jun 11 00:30:35 MDT 2021
# Start of session at: Mon Nov  1 22:33:52 2021
# Process ID: 34260
# Current directory: C:/Users/polit/Documents/n10489045, N10485571  - FIR Filter Vivado and bit file/06_demo_all_2021
# Command line: vivado.exe -gui_launcher_event rodinguilauncherevent13944 C:\Users\polit\Documents\n10489045, N10485571  - FIR Filter Vivado and bit file\06_demo_all_2021\06_demo_all.xpr
# Log file: C:/Users/polit/Documents/n10489045, N10485571  - FIR Filter Vivado and bit file/06_demo_all_2021/vivado.log
# Journal file: C:/Users/polit/Documents/n10489045, N10485571  - FIR Filter Vivado and bit file/06_demo_all_2021\vivado.jou
#-----------------------------------------------------------
start_gui
open_project {C:/Users/polit/Documents/n10489045, N10485571  - FIR Filter Vivado and bit file/06_demo_all_2021/06_demo_all.xpr}
update_compile_order -fileset sources_1
reset_run synth_1
reset_run mem_oled_char_lib_synth_1
launch_runs impl_1 -to_step write_bitstream -jobs 8
wait_on_run impl_1
open_run impl_1
